Tile created
Eskimo created
Igloo built
Eskimo created
SpecialAbility failure