Tile created
Eskimo created
SpecialAbility failure