Tile created
Tile created
Tile created
Tile created
Tile created
Tile created
Tile created
Tile created
Tile created
Tile created
Tile created
Tile created
Tile created
Eskimo created
Scientist created
Scientist created
Polarbear created
Neighbours updated
Neighbours updated
Neighbours updated
Neighbours updated
Neighbours updated
Neighbours updated
Neighbours updated
Neighbours updated
Neighbours updated
Neighbours updated
Neighbours updated
Neighbours updated
Neighbours updated
Neighbours updated
Neighbours updated
Neighbours updated
Neighbours updated
Neighbours updated
Neighbours updated
Neighbours updated
Neighbours updated
Neighbours updated
Neighbours updated
Neighbours updated
Neighbours updated
Neighbours updated
Neighbours updated
Item created
Item created
Item created
Item created
Fall in hole
