Tile created
Scientist created
Item added. Slot: 1
Snow layer added
Item used
Item used
Item used
Item use failed