Tile created
Eskimo created
Snowstorm done
Player damaged
Snowstorm done
Player damaged
Snowstorm done
Player damaged
Snowstorm done
Player damaged
Snowstorm done
Player damaged
Player died. Game ended