Tile created
Snow layer added
Scientist created
Item added. Slot: 1
Item used