Tile created
Tile created
Neighbours updated
Eskimo created
Fall in hole