Tile created
Tile created
Neighbours updated
Eskimo created
Stepped to tile