Tile created
Eskimo created
Item added
Item unfreezed
Pickup successful