Tile created
Eskimo created
Item added. Slot: 1
Item used failed
Inventory : 1: Food