Tile created
Eskimo created
Item created
Snow layer added
Snow on tile