Tile created
Tile created
Neighbours updated
Eskimo created
Scientist created
Stepped to tile
Player died. Game ended