Tile created
Eskimo created
Item created
Item unfreezed