Tile created
Eskimo created
Item added. Slot: 1
Snowstorm done
Player damaged
Item used.
Inventory: