Tile created
Snow layer added
Scientist created
Snow layer removed