Tile created
Tile created
Neighbours updated
Eskimo created
Polarbear created
Stepped to tile
Polarbear eats player. Game ended
Player died. Game ended