Tile created
Tile created
Neighbours updated
Eskimo created
Igloo built
Polarbear created
Stepped to tile