Tile created
Tile created
Neighbours updated
Scientist created
Scientist created
Scientist created
Fall in hole
Item added. Slot: 1
Item used