Tile created
Tile created
Neighbours updated
Scientist created
Tile scanned: -1