Tile created
Scientist created
Item added. Slot: 1
Item used
Eskimo created
Snowstorm done