Tile created
Eskimo created
Igloo built
Eskimo created
Scientist created
Snowstorm done