Tile created
Scientist created
Eskimo created
Snowstorm done
Player damaged
Player damaged