Tile created
Scientist created
Item added. Slot: 1
Item used
Scientist created
Item added. Slot: 1
Item use failed