Tile created
Tile created
Neighbours updated
Scientist created
Item added. Slot: 1
Fall in hole
Item used